[AVISO Semantico] Linha 68: Operacao '+' entre tipos possivelmente incompativeis: 'string' e 'int'.

[ERRO] Sucesso! Codigo gerado em 'saida.c'.
=== INICIO DO TESTE DE VALIDACAO ===
--- 1. Recursao (Fibonacci) ---
Fibonacci de 6 (Esperado: 8):
8.00
--- 2. Classes e Objetos ---
Resultado da soma (Esperado: 60):
60.00
Operacoes realizadas: 2.00
--- 3. Loops e Escopo ---
Dentro do bloco: bloco
Fora do bloco: global
While loop: 0.00
While loop: 1.00
While loop: 2.00
--- 4. Tipos Dinamicos ---
100.00
Agora sou uma string
Strings sao verdadeiras (Truthy)
=== FIM DO TESTE ===
