[AVISO Semantico] Linha 9: Operacao '+' entre tipos possivelmente incompativeis: 'string' e 'int'.
[AVISO Semantico] Linha 20: Operacao '+' entre tipos possivelmente incompativeis: 'string' e 'int'.
[AVISO Semantico] Linha 29: Operacao '+' entre tipos possivelmente incompativeis: 'string' e 'int'.
[AVISO Semantico] Linha 32: Operacao '+' entre tipos possivelmente incompativeis: 'string' e 'int'.
[AVISO Semantico] Linha 41: Operacao '+' entre tipos possivelmente incompativeis: 'string' e 'int'.
[AVISO Semantico] Linha 44: Operacao '+' entre tipos possivelmente incompativeis: 'string' e 'int'.
[AVISO Semantico] Linha 58: Operacao '+' entre tipos possivelmente incompativeis: 'string' e 'int'.
[AVISO Semantico] Linha 67: Operacao '+' entre tipos possivelmente incompativeis: 'string' e 'int'.
