[AVISO Semantico] Linha 87: Operacao '+' entre tipos possivelmente incompativeis: 'string' e 'int'.
[AVISO Semantico] Linha 93: Operacao '+' entre tipos possivelmente incompativeis: 'string' e 'int'.
[AVISO Semantico] Linha 99: Operacao '+' entre tipos possivelmente incompativeis: 'string' e 'int'.
