

[ERRO] Sucesso! Codigo gerado em 'saida.c'.
--- 1. Tipos e Aritmetica ---
30.00
8.00
12.00
5.00
9.00
Ola Mundo
true
false
nil
--- 2. Logica e Comparacao ---
true
true
true
true
Short-circuit OR:
true
Short-circuit AND:
false
--- 3. Escopo e Sombrento (Shadowing) ---
local
global
--- 4. Controle de Fluxo (If/While/For) ---
i eh zero
Contando while:
0.00
1.00
2.00
Contando for:
0.00
1.00
2.00
--- 5. Funcoes ---
Ola, Teste!
12.00
--- 6. Recursao (Fatorial) ---
Fatorial de 5:
120.00
--- 7. Closures (Contador) ---
nil
nil
--- Fim dos Testes ---
