#include "backend/c_runtime.c"

int main() {
  Value x_0, y_1, nome_2, frase_3, ativo_4, desligado_5, nada_6, t0, t1, c_7, t2, t3, z_8, t4, t5, d_9, t6, t7, k_10;
  x_0 = new_number(10.00);
  y_1 = new_number(20.50);
  nome_2 = new_string("oi");
  frase_3 = new_string("Lox é dinamicamente tipada");
  ativo_4 = new_bool(1);
  desligado_5 = new_bool(0);
  nada_6 = new_nil();
  L0:
  ;
  t0 = op_lt(x_0, new_number(10.00));
  if (!is_truthy(t0)) goto L1;
  t1 = op_add(x_0, new_number(1.00));
  x_0 = t1;
  c_7 = new_number(1.00);
  L2:
  ;
  t2 = op_gt(x_0, new_number(10.00));
  if (!is_truthy(t2)) goto L3;
  t3 = op_add(y_1, new_number(1.00));
  y_1 = t3;
  z_8 = new_number(2.00);
  goto L2;
  L3:
  ;
  goto L0;
  L1:
  ;
  L4:
  ;
  t4 = op_lt(y_1, new_number(10.00));
  if (!is_truthy(t4)) goto L5;
  t5 = op_add(y_1, new_number(1.00));
  y_1 = t5;
  d_9 = new_number(1.00);
  L6:
  ;
  t6 = op_gt(y_1, new_number(10.00));
  if (!is_truthy(t6)) goto L7;
  t7 = op_add(x_0, new_number(1.00));
  x_0 = t7;
  goto L6;
  L7:
  ;
  goto L4;
  L5:
  ;
  k_10 = new_number(2.00);
  return 0;
}
