

 Sucesso! Codigo gerado em 'saida.c'.
--- 1. Teste de Lista Encadeada (Objetos -> Objetos) ---
Valor do No: 10.00
Valor do No: 20.00
Valor do No: 30.00

--- 2. Teste de Campos Dinamicos ---
X original: 3.00
Z (dinamico): 50.00
X modificado: 99.00

--- 3. Teste de Chamada Interna (this.metodo) ---
Dobro do raio: 20.00
Area aprox (2*r*pi): 62.80
--- Fim do Teste ---
