[AVISO Semantico] Linha 9: Operacao '+' entre tipos possivelmente incompativeis: 'string' e 'int'.
[AVISO Semantico] Linha 20: Operacao '+' entre tipos possivelmente incompativeis: 'string' e 'int'.
[AVISO Semantico] Linha 29: Operacao '+' entre tipos possivelmente incompativeis: 'string' e 'int'.
[AVISO Semantico] Linha 32: Operacao '+' entre tipos possivelmente incompativeis: 'string' e 'int'.
[AVISO Semantico] Linha 41: Operacao '+' entre tipos possivelmente incompativeis: 'string' e 'int'.
[AVISO Semantico] Linha 44: Operacao '+' entre tipos possivelmente incompativeis: 'string' e 'int'.
[AVISO Semantico] Linha 58: Operacao '+' entre tipos possivelmente incompativeis: 'string' e 'int'.
[AVISO Semantico] Linha 67: Operacao '+' entre tipos possivelmente incompativeis: 'string' e 'int'.

 Sucesso! Codigo gerado em 'saida.c'.
--- 1. While Decremental Simples ---
Contagem regressiva: 3.00
Contagem regressiva: 2.00
Contagem regressiva: 1.00
Decolagem!

--- 2. While com Condicao Composta (AND/OR) ---
a=0.00, b=10.00
a=1.00, b=9.00
a=2.00, b=8.00

--- 3. While Aninhado (Labels unicos) ---
Externo x: 1.00
  Interno y: 1.00
  Interno y: 2.00
Externo x: 2.00
  Interno y: 1.00
  Interno y: 2.00

--- 4. While dentro de For ---
For k: 1.00
  While m: 3.00
  While m: 2.00
For k: 2.00
  While m: 3.00
  While m: 2.00

--- 5. Modificando Global dentro do While ---
Total calculado (5 * 10): 50.00

--- 6. Fibonacci com While ---
Fib ate 10.00:
0.00
1.00
1.00
2.00
3.00
5.00
8.00
13.00
21.00
34.00
--- Fim dos Testes de Loop ---
